// Jest Snapshot v1, https://goo.gl/fbAQLP

exports[`Filter button view test cases should render the snapshot for filter button view 1`] = `ReactWrapper {}`;
