// Jest Snapshot v1, https://goo.gl/fbAQLP

exports["Loader test cases should render the snapshot for loader view 1"] = "ReactWrapper {}";
