// Jest Snapshot v1, https://goo.gl/fbAQLP

exports["SpaceXListView test cases should render the snapshot for spacexlist view 1"] = "ReactWrapper {}";
