// Jest Snapshot v1, https://goo.gl/fbAQLP

exports["TopView test cases should render the snapshot for Top view 1"] = "ReactWrapper {}";
